{"ts":"2026-02-23T14:30:00.123Z","run_id":"session-9f8e7d6c","agent_system":"openclaw","event_type":"http_request","summary":"POST api.anthropic.com/v1/messages","plugin":"secret_injector","tags":["tls","mitm"],"data":{"method":"POST","host":"api.anthropic.com","path":"/v1/messages","model":"claude-sonnet-4-20250514","routed":false}}
